  2026-04-27 04:00:08 App\Jobs\SendNotificationJob ................... RUNNING
  2026-04-27 04:00:08 App\Jobs\SendNotificationJob .............. 70.83ms FAIL
  2026-04-27 04:00:08 App\Jobs\SendNotificationJob ................... RUNNING
  2026-04-27 04:00:08 App\Jobs\SendNotificationJob .............. 17.84ms FAIL
  2026-04-27 04:00:08 App\Jobs\SendNotificationJob ................... RUNNING
  2026-04-27 04:00:08 App\Jobs\SendNotificationJob .............. 10.20ms FAIL
  2026-04-27 04:00:08 App\Jobs\SendNotificationJob ................... RUNNING
  2026-04-27 04:00:08 App\Jobs\SendNotificationJob .............. 12.27ms FAIL
  2026-04-27 04:00:08 App\Jobs\SendNotificationJob ................... RUNNING
  2026-04-27 04:00:08 App\Jobs\SendNotificationJob .............. 24.04ms FAIL
  2026-04-27 04:00:08 App\Jobs\SendNotificationJob ................... RUNNING
  2026-04-27 04:00:08 App\Jobs\SendNotificationJob ............... 9.92ms FAIL
  2026-04-27 04:00:08 App\Jobs\SendNotificationJob ................... RUNNING
  2026-04-27 04:00:08 App\Jobs\SendNotificationJob .............. 10.42ms FAIL
  2026-04-27 04:00:08 App\Jobs\SendNotificationJob ................... RUNNING
  2026-04-27 04:00:08 App\Jobs\SendNotificationJob .............. 86.52ms DONE
  2026-04-27 04:00:08 App\Jobs\SendNotificationJob ................... RUNNING
  2026-04-27 04:00:12 App\Jobs\SendNotificationJob ................... 3s DONE
  2026-04-27 04:00:12 App\Jobs\SendNotificationJob ................... RUNNING
  2026-04-27 04:00:13 App\Jobs\SendNotificationJob ................... 1s DONE
  2026-04-27 04:00:13 App\Jobs\SendNotificationJob ................... RUNNING
  2026-04-27 04:00:16 App\Jobs\SendNotificationJob ................... 2s DONE
  2026-04-27 04:00:16 App\Jobs\SendNotificationJob ................... RUNNING
  2026-04-27 04:00:17 App\Jobs\SendNotificationJob ................... 1s DONE
  2026-04-27 04:00:17 App\Jobs\SendNotificationJob ................... RUNNING
  2026-04-27 04:00:19 App\Jobs\SendNotificationJob ................... 1s DONE
  2026-04-27 04:00:19 App\Jobs\SendNotificationJob ................... RUNNING
  2026-04-27 04:00:21 App\Jobs\SendNotificationJob ................... 2s DONE
  2026-04-27 04:00:21 App\Jobs\SendNotificationJob ................... RUNNING
  2026-04-27 04:00:23 App\Jobs\SendNotificationJob ................... 1s DONE
  2026-04-27 04:00:23 App\Jobs\SendNotificationJob ................... RUNNING
  2026-04-27 04:00:25 App\Jobs\SendNotificationJob ................... 1s DONE
  2026-04-27 04:00:25 App\Jobs\SendNotificationJob ................... RUNNING
  2026-04-27 04:00:27 App\Jobs\SendNotificationJob ................... 1s DONE
  2026-04-27 04:00:27 App\Jobs\SendNotificationJob ................... RUNNING
  2026-04-27 04:00:43 App\Jobs\SendNotificationJob .................. 15s DONE
  2026-04-27 04:00:43 App\Jobs\SendNotificationJob ................... RUNNING
  2026-04-27 04:00:45 App\Jobs\SendNotificationJob ................... 2s DONE
  2026-04-27 04:00:45 App\Jobs\SendNotificationJob ................... RUNNING
  2026-04-27 04:00:47 App\Jobs\SendNotificationJob ................... 1s DONE
  2026-04-27 04:08:23 App\Jobs\SendNotificationJob ................... RUNNING
  2026-04-27 04:08:25 App\Jobs\SendNotificationJob ................... 1s DONE
  2026-04-27 04:24:26 App\Jobs\SendNotificationJob ................... RUNNING
  2026-04-27 04:24:28 App\Jobs\SendNotificationJob ................... 2s DONE
  2026-04-27 04:32:32 App\Jobs\SendNotificationJob ................... RUNNING
  2026-04-27 04:32:34 App\Jobs\SendNotificationJob ................... 1s DONE
  2026-04-27 04:36:28 App\Jobs\SendNotificationJob ................... RUNNING
  2026-04-27 04:36:30 App\Jobs\SendNotificationJob ................... 1s DONE
  2026-04-27 04:37:18 App\Jobs\SendNotificationJob ................... RUNNING
  2026-04-27 04:37:20 App\Jobs\SendNotificationJob ................... 2s DONE
  2026-04-27 04:37:29 App\Jobs\SendNotificationJob ................... RUNNING
  2026-04-27 04:37:31 App\Jobs\SendNotificationJob ................... 1s DONE
  2026-04-27 04:38:49 App\Jobs\SendNotificationJob ................... RUNNING
  2026-04-27 04:38:51 App\Jobs\SendNotificationJob ................... 2s DONE
  2026-04-27 07:47:36 App\Jobs\SendNotificationJob ................... RUNNING
  2026-04-27 07:47:38 App\Jobs\SendNotificationJob ................... 2s DONE
  2026-04-27 07:47:38 App\Jobs\SendNotificationJob ................... RUNNING
  2026-04-27 07:47:40 App\Jobs\SendNotificationJob ................... 1s DONE
  2026-04-27 13:15:04 App\Jobs\SendNotificationJob ................... RUNNING
  2026-04-27 13:15:06 App\Jobs\SendNotificationJob ................... 1s DONE
  2026-04-27 13:23:27 App\Jobs\SendNotificationJob ................... RUNNING
  2026-04-27 13:23:29 App\Jobs\SendNotificationJob ................... 1s DONE
  2026-04-27 17:23:01 App\Jobs\SendNotificationJob ................... RUNNING
  2026-04-27 17:23:04 App\Jobs\SendNotificationJob ................... 2s DONE
  2026-04-27 17:23:04 App\Jobs\SendNotificationJob ................... RUNNING
  2026-04-27 17:23:06 App\Jobs\SendNotificationJob ................... 1s DONE
  2026-04-28 11:24:47 App\Jobs\SendNotificationJob ................... RUNNING
  2026-04-28 11:24:49 App\Jobs\SendNotificationJob ................... 2s DONE
  2026-04-28 11:24:49 App\Jobs\SendNotificationJob ................... RUNNING
  2026-04-28 11:24:51 App\Jobs\SendNotificationJob ................... 1s DONE
  2026-04-28 11:26:18 App\Jobs\SendNotificationJob ................... RUNNING
  2026-04-28 11:26:20 App\Jobs\SendNotificationJob ................... 1s DONE
  2026-04-28 11:26:20 App\Jobs\SendNotificationJob ................... RUNNING
  2026-04-28 11:26:22 App\Jobs\SendNotificationJob ................... 1s DONE
  2026-04-30 17:45:20 App\Jobs\SendNotificationJob ................... RUNNING
  2026-04-30 17:45:22 App\Jobs\SendNotificationJob ................... 1s DONE
  2026-04-30 17:45:22 App\Jobs\SendNotificationJob ................... RUNNING
  2026-04-30 17:45:24 App\Jobs\SendNotificationJob ................... 1s DONE
  2026-05-04 19:59:55 App\Jobs\SendNotificationJob ................... RUNNING
  2026-05-04 19:59:57 App\Jobs\SendNotificationJob ................... 2s DONE
  2026-05-04 19:59:57 App\Jobs\SendNotificationJob ................... RUNNING
  2026-05-04 19:59:58 App\Jobs\SendNotificationJob ................... 1s DONE
  2026-05-04 20:01:22 App\Jobs\SendNotificationJob ................... RUNNING
  2026-05-04 20:01:24 App\Jobs\SendNotificationJob ................... 1s DONE
  2026-05-04 20:01:24 App\Jobs\SendNotificationJob ................... RUNNING
  2026-05-04 20:01:26 App\Jobs\SendNotificationJob ................... 1s DONE
  2026-05-04 20:12:12 App\Jobs\SendNotificationJob ................... RUNNING
  2026-05-04 20:12:13 App\Jobs\SendNotificationJob ................... 1s DONE
  2026-05-04 20:12:13 App\Jobs\SendNotificationJob ................... RUNNING
  2026-05-04 20:12:15 App\Jobs\SendNotificationJob ................... 1s DONE
  2026-05-04 20:13:26 App\Jobs\SendNotificationJob ................... RUNNING
  2026-05-04 20:13:27 App\Jobs\SendNotificationJob ................... 1s DONE
  2026-05-04 20:13:27 App\Jobs\SendNotificationJob ................... RUNNING
  2026-05-04 20:13:29 App\Jobs\SendNotificationJob ................... 1s DONE
  2026-05-08 00:59:06 App\Jobs\SendNotificationJob ................... RUNNING
  2026-05-08 00:59:08 App\Jobs\SendNotificationJob ................... 2s DONE
  2026-05-08 00:59:08 App\Jobs\SendNotificationJob ................... RUNNING
  2026-05-08 00:59:10 App\Jobs\SendNotificationJob ................... 1s DONE
  2026-05-08 04:08:54 App\Jobs\SendNotificationJob ................... RUNNING
  2026-05-08 04:08:56 App\Jobs\SendNotificationJob ................... 2s DONE
  2026-05-08 04:08:56 App\Jobs\SendNotificationJob ................... RUNNING
  2026-05-08 04:08:58 App\Jobs\SendNotificationJob ................... 1s DONE
  2026-05-08 20:16:34 App\Jobs\SendNotificationJob ................... RUNNING
  2026-05-08 20:16:36 App\Jobs\SendNotificationJob ................... 2s DONE
  2026-05-08 20:16:36 App\Jobs\SendNotificationJob ................... RUNNING
  2026-05-08 20:16:38 App\Jobs\SendNotificationJob ................... 1s DONE
  2026-05-09 15:33:34 App\Jobs\SendNotificationJob ................... RUNNING
  2026-05-09 15:33:36 App\Jobs\SendNotificationJob ................... 2s DONE
  2026-05-09 15:33:36 App\Jobs\SendNotificationJob ................... RUNNING
  2026-05-09 15:33:38 App\Jobs\SendNotificationJob ................... 1s DONE
  2026-05-09 16:32:49 App\Jobs\SendNotificationJob ................... RUNNING
  2026-05-09 16:32:52 App\Jobs\SendNotificationJob ................... 2s DONE
  2026-05-09 16:32:52 App\Jobs\SendNotificationJob ................... RUNNING
  2026-05-09 16:32:54 App\Jobs\SendNotificationJob ................... 2s DONE
  2026-05-09 19:02:11 App\Jobs\SendNotificationJob ................... RUNNING
  2026-05-09 19:02:13 App\Jobs\SendNotificationJob ................... 1s DONE
  2026-05-09 19:02:13 App\Jobs\SendNotificationJob ................... RUNNING
  2026-05-09 19:02:28 App\Jobs\SendNotificationJob .................. 14s DONE
  2026-05-09 19:02:28 App\Jobs\SendNotificationJob ................... RUNNING
  2026-05-09 19:02:30 App\Jobs\SendNotificationJob ................... 1s DONE
  2026-05-12 17:33:01 App\Jobs\SendNotificationJob ................... RUNNING
  2026-05-12 17:33:04 App\Jobs\SendNotificationJob ................... 2s DONE
  2026-05-12 17:33:04 App\Jobs\SendNotificationJob ................... RUNNING
  2026-05-12 17:33:05 App\Jobs\SendNotificationJob ................... 1s DONE
  2026-05-12 17:33:05 App\Jobs\SendNotificationJob ................... RUNNING
  2026-05-12 17:33:07 App\Jobs\SendNotificationJob ................... 1s DONE
  2026-05-13 00:15:19 App\Jobs\SendNotificationJob ................... RUNNING
  2026-05-13 00:15:21 App\Jobs\SendNotificationJob ................... 2s DONE
  2026-05-13 00:15:21 App\Jobs\SendNotificationJob ................... RUNNING
  2026-05-13 00:15:23 App\Jobs\SendNotificationJob ................... 2s DONE
  2026-05-13 00:15:23 App\Jobs\SendNotificationJob ................... RUNNING
  2026-05-13 00:15:25 App\Jobs\SendNotificationJob ................... 2s DONE
  2026-05-13 01:02:47 App\Jobs\SendNotificationJob ................... RUNNING
  2026-05-13 01:02:49 App\Jobs\SendNotificationJob ................... 2s DONE
  2026-05-13 01:02:49 App\Jobs\SendNotificationJob ................... RUNNING
  2026-05-13 01:02:51 App\Jobs\SendNotificationJob ................... 2s DONE
  2026-05-13 01:02:51 App\Jobs\SendNotificationJob ................... RUNNING
  2026-05-13 01:02:53 App\Jobs\SendNotificationJob ................... 1s DONE
  2026-05-13 07:32:40 App\Jobs\SendNotificationJob ................... RUNNING
  2026-05-13 07:32:42 App\Jobs\SendNotificationJob ................... 2s DONE
  2026-05-13 07:32:42 App\Jobs\SendNotificationJob ................... RUNNING
  2026-05-13 07:32:45 App\Jobs\SendNotificationJob ................... 2s DONE
  2026-05-13 07:32:45 App\Jobs\SendNotificationJob ................... RUNNING
  2026-05-13 07:32:47 App\Jobs\SendNotificationJob ................... 2s DONE
  2026-05-13 20:23:03 App\Jobs\SendNotificationJob ................... RUNNING
  2026-05-13 20:23:06 App\Jobs\SendNotificationJob ................... 2s DONE
  2026-05-13 20:23:06 App\Jobs\SendNotificationJob ................... RUNNING
  2026-05-13 20:23:07 App\Jobs\SendNotificationJob ................... 1s DONE
  2026-05-13 20:23:07 App\Jobs\SendNotificationJob ................... RUNNING
  2026-05-13 20:23:09 App\Jobs\SendNotificationJob ................... 1s DONE
  2026-05-15 04:31:24 App\Jobs\SendNotificationJob ................... RUNNING
  2026-05-15 04:31:26 App\Jobs\SendNotificationJob ................... 2s DONE
  2026-05-15 04:31:26 App\Jobs\SendNotificationJob ................... RUNNING
  2026-05-15 04:31:28 App\Jobs\SendNotificationJob ................... 1s DONE
  2026-05-15 04:31:28 App\Jobs\SendNotificationJob ................... RUNNING
  2026-05-15 04:31:30 App\Jobs\SendNotificationJob ................... 1s DONE
  2026-05-16 04:08:27 App\Jobs\SendNotificationJob ................... RUNNING
  2026-05-16 04:08:29 App\Jobs\SendNotificationJob ................... 2s DONE
  2026-05-16 04:08:29 App\Jobs\SendNotificationJob ................... RUNNING
  2026-05-16 04:08:31 App\Jobs\SendNotificationJob ................... 1s DONE
  2026-05-16 04:08:31 App\Jobs\SendNotificationJob ................... RUNNING
  2026-05-16 04:08:33 App\Jobs\SendNotificationJob ................... 1s DONE
  2026-05-16 13:21:24 App\Jobs\SendNotificationJob ................... RUNNING
  2026-05-16 13:21:26 App\Jobs\SendNotificationJob ................... 1s DONE
  2026-05-16 13:21:26 App\Jobs\SendNotificationJob ................... RUNNING
  2026-05-16 13:21:27 App\Jobs\SendNotificationJob ................... 1s DONE
  2026-05-16 13:21:27 App\Jobs\SendNotificationJob ................... RUNNING
  2026-05-16 13:21:29 App\Jobs\SendNotificationJob ................... 1s DONE
  2026-05-17 21:31:28 App\Jobs\SendNotificationJob ................... RUNNING
  2026-05-17 21:31:31 App\Jobs\SendNotificationJob ................... 2s DONE
  2026-06-12 13:04:17 App\Jobs\SendNotificationJob ................... RUNNING
  2026-06-12 13:04:19 App\Jobs\SendNotificationJob ................... 1s DONE
  2026-06-12 13:04:19 App\Jobs\SendNotificationJob ................... RUNNING
  2026-06-12 13:04:21 App\Jobs\SendNotificationJob ................... 2s DONE
  2026-06-12 13:04:21 App\Jobs\SendNotificationJob ................... RUNNING
  2026-06-12 13:04:23 App\Jobs\SendNotificationJob ................... 1s DONE
  2026-06-29 19:12:01 App\Jobs\SendNotificationJob ................... RUNNING
  2026-06-29 19:12:13 App\Jobs\SendNotificationJob .................. 12s DONE
  2026-06-29 19:12:13 App\Jobs\SendNotificationJob ................... RUNNING
  2026-06-29 19:12:15 App\Jobs\SendNotificationJob ................... 1s DONE
  2026-06-29 19:12:15 App\Jobs\SendNotificationJob ................... RUNNING
  2026-06-29 19:12:17 App\Jobs\SendNotificationJob ................... 1s DONE
  2026-07-03 15:11:05 App\Jobs\SendNotificationJob ................... RUNNING
  2026-07-03 15:11:07 App\Jobs\SendNotificationJob ................... 1s DONE
  2026-07-03 15:11:07 App\Jobs\SendNotificationJob ................... RUNNING
  2026-07-03 15:11:09 App\Jobs\SendNotificationJob ................... 2s DONE
  2026-07-03 15:11:09 App\Jobs\SendNotificationJob ................... RUNNING
  2026-07-03 15:11:11 App\Jobs\SendNotificationJob ................... 1s DONE
  2026-07-03 15:57:53 App\Jobs\SendNotificationJob ................... RUNNING
  2026-07-03 15:57:55 App\Jobs\SendNotificationJob ................... 1s DONE
  2026-07-03 15:57:55 App\Jobs\SendNotificationJob ................... RUNNING
  2026-07-03 15:57:57 App\Jobs\SendNotificationJob ................... 1s DONE
  2026-07-03 15:57:57 App\Jobs\SendNotificationJob ................... RUNNING
  2026-07-03 15:57:59 App\Jobs\SendNotificationJob ................... 1s DONE
  2026-07-08 18:21:59 App\Jobs\SendNotificationJob ................... RUNNING
  2026-07-08 18:22:04 App\Jobs\SendNotificationJob ................... 5s DONE
  2026-07-08 18:22:04 App\Jobs\SendNotificationJob ................... RUNNING
  2026-07-08 18:22:06 App\Jobs\SendNotificationJob ................... 2s DONE
  2026-07-08 18:22:06 App\Jobs\SendNotificationJob ................... RUNNING
  2026-07-08 18:22:08 App\Jobs\SendNotificationJob ................... 1s DONE
  2026-07-10 19:19:38 App\Jobs\SendNotificationJob ................... RUNNING
  2026-07-10 19:19:40 App\Jobs\SendNotificationJob ................... 2s DONE
  2026-07-10 19:19:40 App\Jobs\SendNotificationJob ................... RUNNING
  2026-07-10 19:19:42 App\Jobs\SendNotificationJob ................... 1s DONE
  2026-07-10 19:19:42 App\Jobs\SendNotificationJob ................... RUNNING
  2026-07-10 19:19:45 App\Jobs\SendNotificationJob ................... 2s DONE
  2026-07-10 19:20:30 App\Jobs\SendNotificationJob ................... RUNNING
  2026-07-10 19:20:31 App\Jobs\SendNotificationJob ................... 1s DONE
  2026-07-10 19:20:31 App\Jobs\SendNotificationJob ................... RUNNING
  2026-07-10 19:20:33 App\Jobs\SendNotificationJob ................... 1s DONE
  2026-07-10 19:20:33 App\Jobs\SendNotificationJob ................... RUNNING
  2026-07-10 19:20:35 App\Jobs\SendNotificationJob ................... 1s DONE
  2026-07-11 15:14:16 App\Jobs\SendNotificationJob ................... RUNNING
  2026-07-11 15:14:18 App\Jobs\SendNotificationJob ................... 2s DONE
  2026-07-11 16:24:37 App\Jobs\SendNotificationJob ................... RUNNING
  2026-07-11 16:24:39 App\Jobs\SendNotificationJob ................... 1s DONE
  2026-07-11 16:24:39 App\Jobs\SendNotificationJob ................... RUNNING
  2026-07-11 16:24:41 App\Jobs\SendNotificationJob ................... 1s DONE
  2026-07-11 16:24:41 App\Jobs\SendNotificationJob ................... RUNNING
  2026-07-11 16:24:42 App\Jobs\SendNotificationJob ................... 1s DONE
  2026-07-11 16:26:42 App\Jobs\SendNotificationJob ................... RUNNING
  2026-07-11 16:26:44 App\Jobs\SendNotificationJob ................... 1s DONE
  2026-07-13 15:50:55 App\Jobs\SendNotificationJob ................... RUNNING
  2026-07-13 15:50:57 App\Jobs\SendNotificationJob ................... 2s DONE
  2026-07-13 15:50:57 App\Jobs\SendNotificationJob ................... RUNNING
  2026-07-13 15:50:59 App\Jobs\SendNotificationJob ................... 1s DONE
  2026-07-13 15:50:59 App\Jobs\SendNotificationJob ................... RUNNING
  2026-07-13 15:51:00 App\Jobs\SendNotificationJob ................... 1s DONE
  2026-07-13 15:53:30 App\Jobs\SendNotificationJob ................... RUNNING
  2026-07-13 15:53:33 App\Jobs\SendNotificationJob ................... 2s DONE
  2026-07-13 15:53:33 App\Jobs\SendNotificationJob ................... RUNNING
  2026-07-13 15:53:35 App\Jobs\SendNotificationJob ................... 1s DONE
  2026-07-13 15:53:35 App\Jobs\SendNotificationJob ................... RUNNING
  2026-07-13 15:53:37 App\Jobs\SendNotificationJob ................... 1s DONE
  2026-07-15 00:53:07 App\Jobs\SendNotificationJob ................... RUNNING
  2026-07-15 00:53:09 App\Jobs\SendNotificationJob ................... 1s DONE
  2026-07-15 00:53:09 App\Jobs\SendNotificationJob ................... RUNNING
  2026-07-15 00:53:11 App\Jobs\SendNotificationJob ................... 2s DONE
  2026-07-15 00:53:11 App\Jobs\SendNotificationJob ................... RUNNING
  2026-07-15 00:53:13 App\Jobs\SendNotificationJob ................... 1s DONE
  2026-07-16 16:19:07 App\Jobs\SendNotificationJob ................... RUNNING
  2026-07-16 16:19:09 App\Jobs\SendNotificationJob ................... 1s DONE
  2026-07-16 16:19:09 App\Jobs\SendNotificationJob ................... RUNNING
  2026-07-16 16:19:11 App\Jobs\SendNotificationJob ................... 1s DONE
  2026-07-16 16:19:11 App\Jobs\SendNotificationJob ................... RUNNING
  2026-07-16 16:19:13 App\Jobs\SendNotificationJob ................... 2s DONE
